---
source: tests/parser.rs
expression: file
---
typedefs: []
functions:
  - id: xor
    inputs:
      - - t
        - Boolean
      - - b
        - Boolean
    statements: []
    returned:
      - Boolean
      - Application:
          function_expression:
            Identifier:
              id: if_then_else
              typing: ~
              location: ~
          inputs:
            - Identifier:
                id: t
                typing: ~
                location: ~
            - Application:
                function_expression:
                  Identifier:
                    id: "!"
                    typing: ~
                    location: ~
                inputs:
                  - Identifier:
                      id: b
                      typing: ~
                      location: ~
                typing: ~
                location: ~
            - Identifier:
                id: b
                typing: ~
                location: ~
          typing: ~
          location: ~
    location: ~
nodes:
  - id: counter
    is_component: false
    inputs:
      - - res
        - Boolean
      - - tick
        - Boolean
    equations:
      - - o
        - scope: Output
          id: o
          signal_type: Integer
          expression:
            FunctionApplication:
              function_expression:
                Identifier:
                  id: if_then_else
                  typing: ~
                  location: ~
              inputs:
                - SignalCall:
                    id: res
                    typing: ~
                    location: ~
                - Constant:
                    constant:
                      Integer: 0
                    typing: ~
                    location: ~
                - FunctionApplication:
                    function_expression:
                      Identifier:
                        id: " + "
                        typing: ~
                        location: ~
                    inputs:
                      - FunctionApplication:
                          function_expression:
                            Identifier:
                              id: (_)
                              typing: ~
                              location: ~
                          inputs:
                            - FollowedBy:
                                constant:
                                  Integer: 0
                                expression:
                                  SignalCall:
                                    id: o
                                    typing: ~
                                    location: ~
                                typing: ~
                                location: ~
                          typing: ~
                          location: ~
                      - SignalCall:
                          id: inc
                          typing: ~
                          location: ~
                    typing: ~
                    location: ~
              typing: ~
              location: ~
          location: ~
      - - inc
        - scope: Local
          id: inc
          signal_type: Integer
          expression:
            FunctionApplication:
              function_expression:
                Identifier:
                  id: if_then_else
                  typing: ~
                  location: ~
              inputs:
                - SignalCall:
                    id: tick
                    typing: ~
                    location: ~
                - Constant:
                    constant:
                      Integer: 1
                    typing: ~
                    location: ~
                - Constant:
                    constant:
                      Integer: 0
                    typing: ~
                    location: ~
              typing: ~
              location: ~
          location: ~
    contract:
      requires: []
      ensures: []
      invariant: []
      assert: []
    location: ~
  - id: blinking
    is_component: false
    inputs:
      - - tick_number
        - Integer
    equations:
      - - status
        - scope: Output
          id: status
          signal_type: Integer
          expression:
            FunctionApplication:
              function_expression:
                Identifier:
                  id: if_then_else
                  typing: ~
                  location: ~
              inputs:
                - SignalCall:
                    id: on_off
                    typing: ~
                    location: ~
                - FunctionApplication:
                    function_expression:
                      Identifier:
                        id: " + "
                        typing: ~
                        location: ~
                    inputs:
                      - SignalCall:
                          id: counter
                          typing: ~
                          location: ~
                      - Constant:
                          constant:
                            Integer: 1
                          typing: ~
                          location: ~
                    typing: ~
                    location: ~
                - Constant:
                    constant:
                      Integer: 0
                    typing: ~
                    location: ~
              typing: ~
              location: ~
          location: ~
      - - counter
        - scope: Local
          id: counter
          signal_type: Integer
          expression:
            NodeApplication:
              node: counter
              inputs:
                - SignalCall:
                    id: res
                    typing: ~
                    location: ~
                - Constant:
                    constant:
                      Boolean: true
                    typing: ~
                    location: ~
              signal: o
              typing: ~
              location: ~
          location: ~
      - - res
        - scope: Local
          id: res
          signal_type: Boolean
          expression:
            FollowedBy:
              constant:
                Boolean: true
              expression:
                FunctionApplication:
                  function_expression:
                    Identifier:
                      id: (_)
                      typing: ~
                      location: ~
                  inputs:
                    - FunctionApplication:
                        function_expression:
                          Identifier:
                            id: " == "
                            typing: ~
                            location: ~
                        inputs:
                          - FunctionApplication:
                              function_expression:
                                Identifier:
                                  id: " + "
                                  typing: ~
                                  location: ~
                              inputs:
                                - SignalCall:
                                    id: counter
                                    typing: ~
                                    location: ~
                                - Constant:
                                    constant:
                                      Integer: 1
                                    typing: ~
                                    location: ~
                              typing: ~
                              location: ~
                          - SignalCall:
                              id: tick_number
                              typing: ~
                              location: ~
                        typing: ~
                        location: ~
                  typing: ~
                  location: ~
              typing: ~
              location: ~
          location: ~
      - - on_off
        - scope: Local
          id: on_off
          signal_type: Boolean
          expression:
            FunctionApplication:
              function_expression:
                Identifier:
                  id: xor
                  typing: ~
                  location: ~
              inputs:
                - SignalCall:
                    id: res
                    typing: ~
                    location: ~
                - FollowedBy:
                    constant:
                      Boolean: true
                    expression:
                      SignalCall:
                        id: on_off
                        typing: ~
                        location: ~
                    typing: ~
                    location: ~
              typing: ~
              location: ~
          location: ~
    contract:
      requires: []
      ensures: []
      invariant: []
      assert: []
    location: ~
component: ~
location: ~

